// Jest Snapshot v1, https://goo.gl/fbAQLP

exports[`Copyright renders correctly 1`] = `
<div
  className="copyright"
>
  <p>
    copyright
  </p>
</div>
`;
