// Jest Snapshot v1, https://goo.gl/fbAQLP

exports[`Content renders correctly 1`] = `
<div
  className="content"
>
  <h1
    className="content__title"
  >
    test
  </h1>
  <div
    className="tags"
  >
    <ul
      className="tags__list"
    >
      <li
        className="tags__list-item"
      >
        <a
          className="tags__list-item-link"
          href="/test_0"
        >
          test_0
        </a>
      </li>
      <li
        className="tags__list-item"
      >
        <a
          className="tags__list-item-link"
          href="/test_1"
        >
          test_1
        </a>
      </li>
    </ul>
  </div>
  <div
    className="meta"
  >
    <p
      className="meta__date"
    >
      1 Sep 2016
    </p>
  </div>
  <div
    className="content__body"
    dangerouslySetInnerHTML={
      Object {
        "__html": "<p>test</p>",
      }
    }
  />
</div>
`;
